// Jest Snapshot v1, https://goo.gl/fbAQLP

exports[`ErrorMessage renders correctly 1`] = `
<div>
  <div
    class="errorMessage"
  >
    Something went wrong.
  </div>
</div>
`;
